
> server@1.0.0 test
> jest tests/admin.routes.test.ts

  console.log
    [ENV] Loading environment from: C:\Users\Nii Boye\Desktop\projects\stdportal\server\.env

      at Object.<anonymous> (src/config/env.ts:9:9)

  console.log
    [dotenv@17.2.3] injecting env (4) from .env -- tip: ΓÜÖ∩╕Å  load multiple .env files with { path: ['.env.local', '.env'] }

      at _log (node_modules/dotenv/lib/main.js:142:11)

  console.log
    [ENV] Environment loaded successfully

      at Object.<anonymous> (src/config/env.ts:16:17)

  console.log
    [ENV] DATABASE_URL available: true

      at Object.<anonymous> (src/config/env.ts:17:17)

  console.log
    [REQUEST] POST /api/admin/students

      at src/app.ts:24:13

  console.log
    [BODY] undefined

      at src/app.ts:25:40

  console.log
    [REQUEST] POST /api/admin/students

      at src/app.ts:24:13

  console.log
    [BODY] undefined

      at src/app.ts:25:40

  console.log
    [REQUEST] POST /api/admin/students

      at src/app.ts:24:13

  console.log
    [BODY] undefined

      at src/app.ts:25:40

  console.log
    [REQUEST] PUT /api/admin/students/123

      at src/app.ts:24:13

  console.log
    [REQUEST] POST /api/admin/courses

      at src/app.ts:24:13

  console.log
    [BODY] undefined

      at src/app.ts:25:40

  console.log
    [REQUEST] PUT /api/admin/courses/c1

      at src/app.ts:24:13

node.exe : FAIL tests/admin.routes.test.ts
At C:\Program Files\nodejs\npm.ps1:29 char:3
+   & $NODE_EXE $NPM_CLI_JS $args
+   ~~~~~~~~~~~~~~~~~~~~~~~~~~~~~
    + CategoryInfo          : NotSpecified: (FAIL tests/admin.ro 
   utes.test.ts:String) [], RemoteException
    + FullyQualifiedErrorId : NativeCommandError
 
  POST /api/admin/students
    ΓêÜ should create a new student successfully (192 ms)
    ΓêÜ should return 400 if user already exists (11 ms)
    ΓêÜ should return 400 if fields are missing (9 ms)
  DELETE /api/admin/students/:id
    ├ù should delete a student successfully (1 ms)
  PUT /api/admin/students/:id
    ΓêÜ should update a student (8 ms)
  POST /api/admin/courses
    ΓêÜ should create a course (10 ms)
  PUT /api/admin/courses/:id
    ΓêÜ should update a course (8 ms)
  DELETE /api/admin/courses/:id
    ├ù should delete a course (1 ms)

  ΓùÅ DELETE /api/admin/students/:id ΓÇ║ should delete a student 
successfully

    TypeError: Cannot read properties of undefined (reading 
'mockResolvedValue')

    [0m [90m  97 |[39m     it([32m'should delete a student 
successfully'[39m[33m,[39m [36masync[39m () [33m=>[39m {
     [90m  98 |[39m         [90m// Mock transaction[39m
    [31m[1m>[22m[39m[90m  99 |[39m         
(prisma[33m.[39m$transaction [36mas[39m 
jest[33m.[39m[33mMock[39m)[33m.[39mmockResolvedValue([
     [90m     |[39m                                            
[31m[1m^[22m[39m
     [90m 100 |[39m             { count[33m:[39m [35m1[39m 
}[33m,[39m [90m// profile[39m
     [90m 101 |[39m             { count[33m:[39m [35m0[39m 
}[33m,[39m [90m// enrollments[39m
     [90m 102 |[39m             { count[33m:[39m [35m0[39m 
}[33m,[39m [90m// tokens[39m[0m

      at Object.<anonymous> (tests/admin.routes.test.ts:99:44)

  ΓùÅ DELETE /api/admin/courses/:id ΓÇ║ should delete a course

    TypeError: Cannot read properties of undefined (reading 
'mockResolvedValue')

    [0m [90m 159 |[39m describe([32m'DELETE 
/api/admin/courses/:id'[39m[33m,[39m () [33m=>[39m {
     [90m 160 |[39m     it([32m'should delete a 
course'[39m[33m,[39m [36masync[39m () [33m=>[39m {
    [31m[1m>[22m[39m[90m 161 |[39m         
(prisma[33m.[39m$transaction [36mas[39m 
jest[33m.[39m[33mMock[39m)[33m.[39mmockResolvedValue([
     [90m     |[39m                                            
[31m[1m^[22m[39m
     [90m 162 |[39m             { count[33m:[39m [35m0[39m 
}[33m,[39m [90m// enrollments[39m
     [90m 163 |[39m             { count[33m:[39m [35m0[39m 
}[33m,[39m [90m// schedules[39m
     [90m 164 |[39m             { count[33m:[39m [35m0[39m 
}[33m,[39m [90m// assignments[39m[0m

      at Object.<anonymous> (tests/admin.routes.test.ts:161:44)

Test Suites: 1 failed, 1 total
Tests:       2 failed, 6 passed, 8 total
Snapshots:   0 total
Time:        3.418 s, estimated 4 s
Ran all test suites matching tests/admin.routes.test.ts.
Force exiting Jest: Have you considered using 
`--detectOpenHandles` to detect async operations that kept 
running after all tests finished?
